<html>
<body>
<pre>
<h1>µVision Build Log</h1>
<h2>Tool Versions:</h2>
IDE-Version: µVision V5.29.0.0
Copyright (C) 2019 ARM Ltd and ARM Germany GmbH. All rights reserved.
License Information: Alexander Dean, NC State University, LIC=----
 
Tool Versions:
Toolchain:       MDK-Lite  Version: 5.29.0.0
Toolchain Path:  C:\Keil_v5\ARM\ARMCC\Bin
C Compiler:      Armcc.exe V5.06 update 6 (build 750)
Assembler:       Armasm.exe V5.06 update 6 (build 750)
Linker/Locator:  ArmLink.exe V5.06 update 6 (build 750)
Library Manager: ArmAr.exe V5.06 update 6 (build 750)
Hex Converter:   FromElf.exe V5.06 update 6 (build 750)
CPU DLL:         SARMCM3.DLL V5.29.0.0
Dialog DLL:      DARMCM1.DLL V1.19.2.0
Target DLL:      PEMicro\Pemicro_ArmCortexInterface.dll V1.3.0.0
Dialog DLL:      TARMCM1.DLL V1.14.1.0
 
<h2>Project:</h2>
C:\Users\Alex\Documents\Teaching\ESO\ESO-Spring-2020\Repo\ESO-20\Speed\SpeedDemo-SG2\SpeedDemo-SG.uvprojx
Project File Date:  02/11/2020

<h2>Output:</h2>
*** Using Compiler 'V5.06 update 6 (build 750)', folder: 'C:\Keil_v5\ARM\ARMCC\Bin'
Rebuild target 'Target 1'
compiling CMAN_coords2.c...
compiling geometry.c...
Source\geometry.c(57): warning:  #177-D: variable "c"  was declared but never referenced
  	float d, b, c, closest_d=1E10, max_c=0;
Source\geometry.c(57): warning:  #177-D: variable "max_c"  was declared but never referenced
  	float d, b, c, closest_d=1E10, max_c=0;
Source\geometry.c: 2 warnings, 0 errors
compiling LEDs.c...
compiling timers.c...
compiling queue.c...
compiling delay.c...
compiling UART.c...
Source\UART.c(40): warning:  #550-D: variable "temp"  was set but never used
  	uint8_t temp;
Source\UART.c: 1 warning, 0 errors
compiling main.c...
compiling region.c...
compiling PIT.c...
compiling lucida_8x13.c...
compiling lucida_12x19.c...
compiling lucida_20x31.c...
compiling LCD_text.c...
compiling LCD_graphics.c...
assembling startup_MKL25Z4.s...
compiling profile.c...
compiling touchscreen.c...
compiling ST7789.c...
compiling system_MKL25Z4.c...
linking...
Program Size: Code=15532 RO-data=15724 RW-data=88 ZI-data=3288  
After Build - User command #1: C:\Users\Alex\Documents\Teaching\ESO\ESO-2018\Code\ESO-18\Speed\SpeedDemo-SG\Scripts\update_regions_MDK.bat .\Objects\SpeedDemo-SG.axf
C:\Users\Alex\Documents\Teaching\ESO\ESO-Spring-2020\Repo\ESO-20\Speed\SpeedDemo-SG2>GetRegions.exe .\Objects\SpeedDemo-SG.axf -c -s -oSource\Profiler\region.c 
GetRegions.exe completed without errors
".\Objects\SpeedDemo-SG.axf" - 0 Error(s), 3 Warning(s).

<h2>Software Packages used:</h2>

Package Vendor: ARM
                http://www.keil.com/pack/ARM.CMSIS.5.6.0.pack
                ARM.CMSIS.5.6.0
                CMSIS (Cortex Microcontroller Software Interface Standard)
   * Component: CORE Version: 5.3.0

Package Vendor: Keil
                http://www.keil.com/pack/Keil.Kinetis_KLxx_DFP.1.13.0.pack
                Keil.Kinetis_KLxx_DFP.1.13.0
                NXP Kinetis KLxx Series Device Support and Examples
   * Component: Startup Version: 2.5.0

<h2>Collection of Component include folders:</h2>
  .\RTE\Device\MKL25Z128xxx4
  .\RTE\_Target_1
  C:\Users\Alex\AppData\Local\Arm\Packs\ARM\CMSIS\5.6.0\CMSIS\Core\Include
  C:\Users\Alex\AppData\Local\Arm\Packs\Keil\Kinetis_KLxx_DFP\1.13.0\Device\Include

<h2>Collection of Component Files used:</h2>

   * Component: ARM::CMSIS:CORE:5.3.0

   * Component: Keil::Device:Startup:2.5.0
      Source file:   Device\Source\ARM\startup_MKL25Z4.s
      Source file:   Device\Source\system_MKL25Z4.c
      Include file:  Device\Source\system_MKL25Z4.h
Build Time Elapsed:  00:00:02
</pre>
</body>
</html>
